// Jest Snapshot v1, https://jestjs.io/docs/snapshot-testing

exports[`capabilityMapper maps packet to capability response 1`] = `
{
  "alarm_boost": false,
  "alarm_filter": false,
  "alarm_generic": false,
  "boost_delay": 30,
  "fan_speed": 0.7019607843137254,
  "filter_timer": "31:20:34",
  "humidity_sensor": true,
  "humidity_threshold": 70,
  "manualSpeed": 70.19607843137254,
  "measure_RPM": 236,
  "measure_humidity": 45,
  "onoff": true,
  "operationMode": "2",
  "speedMode": "1",
  "timerMode": "0",
  "timerMode_timer": "00:00:00",
  "unit_type": "Vento Expert Duo A30-1 W V.2",
}
`;
